// Jest Snapshot v1, https://goo.gl/fbAQLP

exports[`Details renders correctly 1`] = `
<div
  class="m-4 mx-6"
  role="main"
>
  <a
    href="/"
  >
    <span
      class="icon is-large"
    >
      <i
        class="fas fa-arrow-left"
      />
    </span>
  </a>
  <span
    class="title"
  >
    Seattle
    , 
  </span>
  <span
    class="subtitle"
  >
    US
  </span>
  <table
    class="table m-4 mx-6"
  >
    <thead>
      <tr>
        <th>
          details.date
        </th>
        <th>
          details.max
           / 
          details.min
        </th>
      </tr>
    </thead>
    <tbody>
      <tr>
        <td>
          7/5/2022
        </td>
        <td>
          22.35
           
          ℃
           / 
          14.75
           
          ℃
        </td>
      </tr>
      <tr>
        <td>
          7/5/2022
        </td>
        <td>
          22.04
           
          ℃
           / 
          13.8
           
          ℃
        </td>
      </tr>
      <tr>
        <td>
          7/6/2022
        </td>
        <td>
          21.08
           
          ℃
           / 
          12.85
           
          ℃
        </td>
      </tr>
      <tr>
        <td>
          7/7/2022
        </td>
        <td>
          24.47
           
          ℃
           / 
          12.91
           
          ℃
        </td>
      </tr>
      <tr>
        <td>
          7/8/2022
        </td>
        <td>
          25.43
           
          ℃
           / 
          13.72
           
          ℃
        </td>
      </tr>
      <tr>
        <td>
          7/9/2022
        </td>
        <td>
          21.71
           
          ℃
           / 
          17.79
           
          ℃
        </td>
      </tr>
    </tbody>
  </table>
</div>
`;

exports[`Details renders loading when an error is present 1`] = `
<div
  class="columns"
  role="main"
>
  <div
    class="control is-large is-loading"
  >
    <input
      class="hidden"
    />
  </div>
</div>
`;

exports[`Details renders loading when data is being fetched 1`] = `
<div
  class="columns"
  role="main"
>
  <div
    class="control is-large is-loading"
  >
    <input
      class="hidden"
    />
  </div>
</div>
`;
